LIVE_START 2026-07-29T10:32:31Z KEEP=true passphrase_file=set
aws acceptance start profile=preview at=2026-07-29T10:32:31Z
+ magelift config validate
{
  "environments": [
    "preview"
  ],
  "valid": true
}
+ magelift doctor
{
  "config": "/var/folders/j7/7phb53pd3zb3t66640gthst00000gn/T//magelift-aws-acceptance.VQ8XjA/magelift.yaml",
  "status": "ok",
  "environments": [
    "preview"
  ],
  "checks": [
    {
      "id": "build",
      "status": "ok",
      "message": "valid"
    },
    {
      "id": "environment.preview",
      "status": "ok",
      "message": "valid"
    }
  ]
}
+ magelift login
{
  "authenticated": true,
  "environment": "preview",
  "provider": "aws",
  "region": "eu-north-1"
}
acceptance create-once
+ magelift preview
Previewing update (acceptance-preview-aws-ecs-fargate):

 +  pulumi:pulumi:Stack magelift-acceptance-preview-aws-ecs-fargate create 
 +  magelift:aws:Stack acceptance-preview create 
@ previewing update......
LIVE_RESTART 2026-07-29T10:32:50Z KEEP=true
aws acceptance start profile=preview at=2026-07-29T10:32:50Z
+ magelift config validate
{
  "environments": [
    "preview"
  ],
  "valid": true
}
+ magelift doctor
{
  "config": "/var/folders/j7/7phb53pd3zb3t66640gthst00000gn/T//magelift-aws-acceptance.HAJFnj/magelift.yaml",
  "status": "ok",
  "environments": [
    "preview"
  ],
  "checks": [
    {
      "id": "build",
      "status": "ok",
      "message": "valid"
    },
    {
      "id": "environment.preview",
      "status": "ok",
      "message": "valid"
    }
  ]
}
+ magelift login
{
  "authenticated": true,
  "environment": "preview",
  "provider": "aws",
  "region": "eu-north-1"
}
acceptance create-once
+ magelift preview
Previewing update (acceptance-preview-aws-ecs-fargate):

 +  pulumi:pulumi:Stack magelift-acceptance-preview-aws-ecs-fargate create 
 +  pulumi:providers:aws acceptance-preview-regional create 
 +  magelift:aws:Stack acceptance-preview create 
@ previewing update....
 +  pulumi:providers:aws acceptance-preview-global create 
 +  magelift:aws:Network acceptance-preview-network create 
 +  aws:ec2:Vpc acceptance-preview-network-vpc create 
 +  aws:ec2:RouteTable acceptance-preview-network-data-routes-01 create 
 +  aws:ec2:RouteTable acceptance-preview-network-public-routes-02 create 
 +  aws:ec2:InternetGateway acceptance-preview-network-igw create 
 +  aws:ec2:RouteTable acceptance-preview-network-data-routes-02 create 
 +  aws:ec2:Subnet acceptance-preview-network-private-subnet-02 create 
 +  aws:ec2:Subnet acceptance-preview-network-public-subnet-01 create 
 +  aws:ec2:Subnet acceptance-preview-network-private-subnet-01 create 
 +  aws:ec2:RouteTable acceptance-preview-network-private-routes-01 create 
 +  aws:ec2:Subnet acceptance-preview-network-data-subnet-02 create 
 +  aws:ec2:RouteTable acceptance-preview-network-public-routes-01 create 
 +  aws:ec2:RouteTable acceptance-preview-network-private-routes-02 create 
 +  aws:ec2:Subnet acceptance-preview-network-public-subnet-02 create 
 +  aws:ec2:Subnet acceptance-preview-network-data-subnet-01 create 
 +  aws:ec2:Route acceptance-preview-network-public-default-02 create 
 +  aws:ec2:RouteTableAssociation acceptance-preview-network-private-association-01 create 
 +  aws:ec2:RouteTableAssociation acceptance-preview-network-data-association-02 create 
 +  aws:ec2:Route acceptance-preview-network-public-default-01 create 
 +  aws:ec2:RouteTableAssociation acceptance-preview-network-public-association-01 create 
 +  aws:ec2:RouteTableAssociation acceptance-preview-network-private-association-02 create 
 +  aws:ec2:RouteTableAssociation acceptance-preview-network-data-association-01 create 
 +  aws:ec2:RouteTableAssociation acceptance-preview-network-public-association-02 create 
@ previewing update....
 +  aws:ec2:Eip acceptance-preview-network-fck-nat-eip-01 create 
 +  aws:ec2:SecurityGroup acceptance-preview-network-fck-nat-sg create 
 +  magelift:aws:SecurityGroups acceptance-preview-security create 
 +  aws:ec2:VpcEndpoint acceptance-preview-network-endpoint-s3 create 
 +  aws:ec2:SecurityGroup acceptance-preview-security-edge create 
 +  aws:ec2:SecurityGroup acceptance-preview-security-web create 
 +  aws:ec2:SecurityGroup acceptance-preview-security-data create 
 +  aws:ec2:SecurityGroup acceptance-preview-security-cache create 
 +  aws:ec2:SecurityGroup acceptance-preview-security-search create 
 +  aws:ec2:SecurityGroup acceptance-preview-security-queue create 
 +  aws:ec2:Instance acceptance-preview-network-fck-nat-01 create 
 +  aws:vpc:SecurityGroupEgressRule acceptance-preview-security-egress-web-https create 
 +  aws:vpc:SecurityGroupEgressRule acceptance-preview-security-egress-edge-target create 
 +  aws:vpc:SecurityGroupIngressRule acceptance-preview-security-ingress-edge-https create 
 +  magelift:aws:Ingress acceptance-preview-ingress create 
 +  aws:vpc:SecurityGroupIngressRule acceptance-preview-security-ingress-web-target create 
 +  aws:vpc:SecurityGroupIngressRule acceptance-preview-security-ingress-cache-valkey create 
 +  aws:vpc:SecurityGroupIngressRule acceptance-preview-security-ingress-data-mysql create 
 +  aws:vpc:SecurityGroupEgressRule acceptance-preview-security-egress-web-data create 
 +  aws:vpc:SecurityGroupEgressRule acceptance-preview-security-egress-web-cache create 
 +  aws:vpc:SecurityGroupEgressRule acceptance-preview-security-egress-web-search create 
 +  aws:vpc:SecurityGroupIngressRule acceptance-preview-security-ingress-search-https create 
 +  aws:vpc:SecurityGroupIngressRule acceptance-preview-security-ingress-queue-amqps create 
 +  aws:vpc:SecurityGroupEgressRule acceptance-preview-security-egress-queue-https create 
 +  aws:vpc:SecurityGroupEgressRule acceptance-preview-security-egress-web-queue create 
 +  aws:ec2:EipAssociation acceptance-preview-network-fck-nat-eip-assoc-01 create 
 +  magelift:aws:EcsRuntimeIdentity acceptance-preview-runtime create 
 +  aws:ec2:Route acceptance-preview-network-private-default-01 create 
 +  aws:lb:LoadBalancer acceptance-preview-ingress-alb create 
 +  aws:ec2:Route acceptance-preview-network-private-default-02 create 
 +  aws:lb:TargetGroup acceptance-preview-ingress-web create 
 +  aws:iam:Role acceptance-preview-runtime-execution-role create 
 +  magelift:aws:RdsMysql acceptance-preview-database create 
 +  aws:iam:Role acceptance-preview-runtime-deployment-role create 
 +  magelift:aws:Valkey acceptance-preview-cache create 
 +  aws:iam:Role acceptance-preview-runtime-task-role create 
 +  aws:rds:SubnetGroup acceptance-preview-database-subnets create 
 +  magelift:aws:RabbitMqQueue acceptance-preview-queue create 
 +  aws:iam:RolePolicy acceptance-preview-runtime-execution-policy create 
 +  aws:elasticache:SubnetGroup acceptance-preview-cache create 
 +  aws:lb:Listener acceptance-preview-ingress-https create 
 +  aws:servicediscovery:PrivateDnsNamespace acceptance-preview-queue-ns create 
 +  magelift:aws:MediaStorage acceptance-preview-storage create 
 +  aws:ecs:Cluster acceptance-preview-queue-broker-cluster create 
 +  aws:cloudwatch:LogGroup acceptance-preview-queue-broker-logs create 
 +  magelift:aws:ObservabilityLogGroups acceptance-preview-observability create 
 +  aws:rds:Instance acceptance-preview-database-instance create 
 +  aws:cloudfront:OriginAccessControl acceptance-preview-storage-oac create 
 +  aws:s3:Bucket acceptance-preview-storage-bucket create 
 +  aws:servicediscovery:Service acceptance-preview-queue-discovery create 
 +  aws:ecs:TaskDefinition acceptance-preview-queue-broker-task create 
 +  aws:cloudwatch:LogGroup acceptance-preview-observability-deploy-logs create 
 +  aws:cloudwatch:LogGroup acceptance-preview-observability-cron-logs create 
 +  aws:cloudwatch:LogGroup acceptance-preview-observability-web-logs create 
 +  aws:s3:BucketOwnershipControls acceptance-preview-storage-ownership create 
 +  aws:s3:BucketLifecycleConfiguration acceptance-preview-storage-lifecycle create 
 +  aws:s3:BucketPublicAccessBlock acceptance-preview-storage-public-access create 
 +  aws:s3:BucketVersioning acceptance-preview-storage-versioning create 
 +  aws:cloudfront:Distribution acceptance-preview-storage-cdn create 
 +  aws:s3:BucketServerSideEncryptionConfiguration acceptance-preview-storage-encryption create 
 +  magelift:aws:EcsRuntime acceptance-preview-runtime create 
 +  aws:ecs:Service acceptance-preview-queue-broker-service create 
 +  magelift:aws:Edge acceptance-preview-edge create 
 +  aws:iam:RolePolicy acceptance-preview-execution-database-policy create 
 +  aws:iam:RolePolicy acceptance-preview-runtime-execution-logs-policy create 
 +  magelift:aws:Observability acceptance-preview-observability create 
 +  aws:ecs:Cluster acceptance-preview-runtime-cluster create 
 +  aws:cloudfront:OriginRequestPolicy acceptance-preview-edge-origin create 
 +  aws:wafv2:WebAcl acceptance-preview-edge create 
 +  aws:cloudwatch:MetricAlarm acceptance-preview-observability-alb-5xx create 
 +  aws:iam:RolePolicy acceptance-preview-deployment-policy create 
 +  aws:iam:RolePolicy acceptance-preview-task-policy create 
 +  aws:s3:BucketPolicy acceptance-preview-storage-policy create 
 +  aws:elasticache:ReplicationGroup acceptance-preview-cache-cache create 
 +  aws:ecs:TaskDefinition acceptance-preview-runtime-deploy-task create 
 +  aws:ecs:TaskDefinition acceptance-preview-runtime-web-task create 
 +  aws:ecs:TaskDefinition acceptance-preview-runtime-cron-task create 
 +  aws:ecs:TaskDefinition acceptance-preview-runtime-queue-task create 
 +  aws:ecs:Service acceptance-preview-runtime-web-service create 
 +  aws:ecs:Service acceptance-preview-runtime-cron-service create 
 +  aws:ecs:Service acceptance-preview-runtime-queue-service create 
 +  aws:cloudwatch:MetricAlarm acceptance-preview-observability-ecs-cpu create 
 +  aws:cloudwatch:Dashboard acceptance-preview-observability-dashboard create 
 +  aws:cloudwatch:MetricAlarm acceptance-preview-observability-ecs-running create 
@ previewing update....
 +  aws:cloudfront:Distribution acceptance-preview-edge create 
 +  aws:route53:Record acceptance-preview-edge create 
 +  pulumi:pulumi:Stack magelift-acceptance-preview-aws-ecs-fargate create 
Outputs:
    applicationURL         : [unknown]
    cacheEndpoint          : [unknown]
    clusterArn             : [unknown]
    clusterName            : "acceptance-preview-runtime-cluster-a8a2ee2"
    cronServiceName        : "acceptance-preview-runtime-cron-service-8bf9701"
    cronTaskDefinitionArn  : [unknown]
    databaseWriter         : [unknown]
    deployTaskDefinitionArn: [unknown]
    deploymentRoleArn      : [unknown]
    edgeDistributionId     : [unknown]
    mediaURL               : [unknown]
    networkVpcId           : [unknown]
    privateSubnetIds       : [
        [0]: [unknown]
        [1]: [unknown]
    ]
    queueMode              : "ecs-artemis"
    queueServiceName       : "acceptance-preview-runtime-queue-service-d401446"
    queueTaskDefinitionArn : [unknown]
    securityGroupId        : [unknown]
    serviceName            : "acceptance-preview-runtime-web-service-5885a98"
    taskDefinitionArn      : [unknown]
    taskRoleArn            : [unknown]

Resources:
    + 113 to create

{
  "environment": "preview",
  "stack": "acceptance-preview-aws-ecs-fargate",
  "preview": {
    "changes": [
      {
        "operation": "create",
        "count": 113
      }
    ],
    "total": 113
  },
  "update": {
    "changes": null,
    "total": 0
  }
}
+ magelift promote --digest 669890779205.dkr.ecr.eu-north-1.amazonaws.com/magelift-acceptance@sha256:162122c42d266638e2e4cae35f9688fde1036136e3015f760409f044c3020fcf --certificate-identity alex.courtiol@gmail.com --certificate-oidc-issuer https://github.com/login/oauth
signed release verification failed
LIVE_EXIT:0
WATCH: LIVE_EXIT seen before kill

LIVE_RETRY 2026-07-29T10:33:27Z KEEP=true ecr_login=ok
aws acceptance start profile=preview at=2026-07-29T10:33:27Z
+ magelift config validate
{
  "environments": [
    "preview"
  ],
  "valid": true
}
+ magelift doctor
{
  "config": "/var/folders/j7/7phb53pd3zb3t66640gthst00000gn/T//magelift-aws-acceptance.Wef7MH/magelift.yaml",
  "status": "ok",
  "environments": [
    "preview"
  ],
  "checks": [
    {
      "id": "build",
      "status": "ok",
      "message": "valid"
    },
    {
      "id": "environment.preview",
      "status": "ok",
      "message": "valid"
    }
  ]
}
+ magelift login
{
  "authenticated": true,
  "environment": "preview",
  "provider": "aws",
  "region": "eu-north-1"
}
acceptance create-once
+ magelift preview
Previewing update (acceptance-preview-aws-ecs-fargate):

 +  pulumi:pulumi:Stack magelift-acceptance-preview-aws-ecs-fargate create 
 +  pulumi:providers:aws acceptance-preview-regional create 
@ previewing update....
 +  pulumi:providers:aws acceptance-preview-global create 
 +  magelift:aws:Stack acceptance-preview create 
 +  magelift:aws:Network acceptance-preview-network create 
 +  aws:ec2:Vpc acceptance-preview-network-vpc create 
 +  aws:ec2:Subnet acceptance-preview-network-data-subnet-02 create 
 +  aws:ec2:RouteTable acceptance-preview-network-data-routes-02 create 
 +  aws:ec2:RouteTable acceptance-preview-network-public-routes-01 create 
 +  aws:ec2:RouteTable acceptance-preview-network-public-routes-02 create 
 +  aws:ec2:Subnet acceptance-preview-network-private-subnet-02 create 
 +  aws:ec2:Subnet acceptance-preview-network-private-subnet-01 create 
 +  aws:ec2:Subnet acceptance-preview-network-public-subnet-02 create 
 +  aws:ec2:RouteTable acceptance-preview-network-data-routes-01 create 
 +  aws:ec2:RouteTable acceptance-preview-network-private-routes-02 create 
 +  aws:ec2:Subnet acceptance-preview-network-data-subnet-01 create 
 +  aws:ec2:RouteTable acceptance-preview-network-private-routes-01 create 
 +  aws:ec2:Subnet acceptance-preview-network-public-subnet-01 create 
 +  aws:ec2:InternetGateway acceptance-preview-network-igw create 
 +  aws:ec2:RouteTableAssociation acceptance-preview-network-data-association-02 create 
 +  aws:ec2:RouteTableAssociation acceptance-preview-network-public-association-02 create 
 +  aws:ec2:RouteTableAssociation acceptance-preview-network-private-association-02 create 
 +  aws:ec2:RouteTableAssociation acceptance-preview-network-data-association-01 create 
 +  aws:ec2:RouteTableAssociation acceptance-preview-network-private-association-01 create 
 +  aws:ec2:RouteTableAssociation acceptance-preview-network-public-association-01 create 
 +  aws:ec2:Route acceptance-preview-network-public-default-01 create 
 +  aws:ec2:Route acceptance-preview-network-public-default-02 create 
@ previewing update....
 +  aws:ec2:Eip acceptance-preview-network-fck-nat-eip-01 create 
 +  aws:ec2:SecurityGroup acceptance-preview-network-fck-nat-sg create 
 +  magelift:aws:SecurityGroups acceptance-preview-security create 
 +  aws:ec2:VpcEndpoint acceptance-preview-network-endpoint-s3 create 
 +  aws:ec2:SecurityGroup acceptance-preview-security-cache create 
 +  aws:ec2:SecurityGroup acceptance-preview-security-data create 
 +  aws:ec2:SecurityGroup acceptance-preview-security-edge create 
 +  aws:ec2:SecurityGroup acceptance-preview-security-web create 
 +  aws:ec2:SecurityGroup acceptance-preview-security-queue create 
 +  aws:ec2:SecurityGroup acceptance-preview-security-search create 
 +  magelift:aws:Ingress acceptance-preview-ingress create 
 +  aws:ec2:Instance acceptance-preview-network-fck-nat-01 create 
 +  aws:vpc:SecurityGroupIngressRule acceptance-preview-security-ingress-edge-https create 
 +  aws:vpc:SecurityGroupEgressRule acceptance-preview-security-egress-web-queue create 
 +  aws:vpc:SecurityGroupEgressRule acceptance-preview-security-egress-queue-https create 
 +  aws:vpc:SecurityGroupEgressRule acceptance-preview-security-egress-web-cache create 
 +  aws:vpc:SecurityGroupEgressRule acceptance-preview-security-egress-web-search create 
 +  aws:vpc:SecurityGroupEgressRule acceptance-preview-security-egress-edge-target create 
 +  aws:vpc:SecurityGroupEgressRule acceptance-preview-security-egress-web-https create 
 +  aws:vpc:SecurityGroupIngressRule acceptance-preview-security-ingress-search-https create 
 +  aws:vpc:SecurityGroupIngressRule acceptance-preview-security-ingress-data-mysql create 
 +  aws:vpc:SecurityGroupIngressRule acceptance-preview-security-ingress-queue-amqps create 
 +  aws:vpc:SecurityGroupIngressRule acceptance-preview-security-ingress-web-target create 
 +  aws:vpc:SecurityGroupEgressRule acceptance-preview-security-egress-web-data create 
 +  aws:lb:TargetGroup acceptance-preview-ingress-web create 
 +  magelift:aws:EcsRuntimeIdentity acceptance-preview-runtime create 
 +  aws:vpc:SecurityGroupIngressRule acceptance-preview-security-ingress-cache-valkey create 
 +  aws:lb:LoadBalancer acceptance-preview-ingress-alb create 
 +  aws:ec2:Route acceptance-preview-network-private-default-02 create 
 +  aws:ec2:EipAssociation acceptance-preview-network-fck-nat-eip-assoc-01 create 
 +  aws:ec2:Route acceptance-preview-network-private-default-01 create 
 +  magelift:aws:RdsMysql acceptance-preview-database create 
 +  aws:iam:Role acceptance-preview-runtime-task-role create 
 +  aws:iam:Role acceptance-preview-runtime-deployment-role create 
 +  aws:iam:Role acceptance-preview-runtime-execution-role create 
 +  magelift:aws:Valkey acceptance-preview-cache create 
 +  aws:rds:SubnetGroup acceptance-preview-database-subnets create 
 +  aws:lb:Listener acceptance-preview-ingress-https create 
 +  magelift:aws:RabbitMqQueue acceptance-preview-queue create 
 +  aws:elasticache:SubnetGroup acceptance-preview-cache create 
 +  aws:iam:RolePolicy acceptance-preview-runtime-execution-policy create 
 +  magelift:aws:MediaStorage acceptance-preview-storage create 
 +  aws:rds:Instance acceptance-preview-database-instance create 
 +  aws:cloudwatch:LogGroup acceptance-preview-queue-broker-logs create 
 +  aws:servicediscovery:PrivateDnsNamespace acceptance-preview-queue-ns create 
 +  aws:ecs:Cluster acceptance-preview-queue-broker-cluster create 
 +  aws:cloudfront:OriginAccessControl acceptance-preview-storage-oac create 
 +  magelift:aws:ObservabilityLogGroups acceptance-preview-observability create 
 +  aws:s3:Bucket acceptance-preview-storage-bucket create 
 +  aws:ecs:TaskDefinition acceptance-preview-queue-broker-task create 
 +  aws:servicediscovery:Service acceptance-preview-queue-discovery create 
 +  aws:cloudwatch:LogGroup acceptance-preview-observability-deploy-logs create 
 +  aws:cloudwatch:LogGroup acceptance-preview-observability-web-logs create 
 +  aws:cloudwatch:LogGroup acceptance-preview-observability-cron-logs create 
 +  aws:iam:RolePolicy acceptance-preview-execution-database-policy create 
 +  aws:s3:BucketOwnershipControls acceptance-preview-storage-ownership create 
 +  aws:s3:BucketPublicAccessBlock acceptance-preview-storage-public-access create 
 +  aws:s3:BucketLifecycleConfiguration acceptance-preview-storage-lifecycle create 
 +  aws:s3:BucketVersioning acceptance-preview-storage-versioning create 
 +  aws:s3:BucketServerSideEncryptionConfiguration acceptance-preview-storage-encryption create 
 +  aws:cloudfront:Distribution acceptance-preview-storage-cdn create 
 +  magelift:aws:EcsRuntime acceptance-preview-runtime create 
 +  aws:ecs:Service acceptance-preview-queue-broker-service create 
 +  aws:ecs:Cluster acceptance-preview-runtime-cluster create 
 +  aws:iam:RolePolicy acceptance-preview-runtime-execution-logs-policy create 
 +  magelift:aws:Edge acceptance-preview-edge create 
 +  magelift:aws:Observability acceptance-preview-observability create 
 +  aws:cloudfront:OriginRequestPolicy acceptance-preview-edge-origin create 
 +  aws:wafv2:WebAcl acceptance-preview-edge create 
 +  aws:cloudwatch:MetricAlarm acceptance-preview-observability-alb-5xx create 
 +  aws:iam:RolePolicy acceptance-preview-deployment-policy create 
 +  aws:iam:RolePolicy acceptance-preview-task-policy create 
 +  aws:s3:BucketPolicy acceptance-preview-storage-policy create 
 +  aws:elasticache:ReplicationGroup acceptance-preview-cache-cache create 
 +  aws:ecs:TaskDefinition acceptance-preview-runtime-web-task create 
 +  aws:ecs:TaskDefinition acceptance-preview-runtime-deploy-task create 
 +  aws:ecs:TaskDefinition acceptance-preview-runtime-queue-task create 
 +  aws:ecs:TaskDefinition acceptance-preview-runtime-cron-task create 
 +  aws:ecs:Service acceptance-preview-runtime-web-service create 
 +  aws:ecs:Service acceptance-preview-runtime-queue-service create 
 +  aws:ecs:Service acceptance-preview-runtime-cron-service create 
 +  aws:cloudwatch:Dashboard acceptance-preview-observability-dashboard create 
 +  aws:cloudwatch:MetricAlarm acceptance-preview-observability-ecs-cpu create 
 +  aws:cloudwatch:MetricAlarm acceptance-preview-observability-ecs-running create 
@ previewing update....
 +  aws:cloudfront:Distribution acceptance-preview-edge create 
 +  aws:route53:Record acceptance-preview-edge create 
 +  pulumi:pulumi:Stack magelift-acceptance-preview-aws-ecs-fargate create 
Outputs:
    applicationURL         : [unknown]
    cacheEndpoint          : [unknown]
    clusterArn             : [unknown]
    clusterName            : "acceptance-preview-runtime-cluster-4c39286"
    cronServiceName        : "acceptance-preview-runtime-cron-service-9543411"
    cronTaskDefinitionArn  : [unknown]
    databaseWriter         : [unknown]
    deployTaskDefinitionArn: [unknown]
    deploymentRoleArn      : [unknown]
    edgeDistributionId     : [unknown]
    mediaURL               : [unknown]
    networkVpcId           : [unknown]
    privateSubnetIds       : [
        [0]: [unknown]
        [1]: [unknown]
    ]
    queueMode              : "ecs-artemis"
    queueServiceName       : "acceptance-preview-runtime-queue-service-65a83ee"
    queueTaskDefinitionArn : [unknown]
    securityGroupId        : [unknown]
    serviceName            : "acceptance-preview-runtime-web-service-188da38"
    taskDefinitionArn      : [unknown]
    taskRoleArn            : [unknown]

Resources:
    + 113 to create

{
  "environment": "preview",
  "stack": "acceptance-preview-aws-ecs-fargate",
  "preview": {
    "changes": [
      {
        "operation": "create",
        "count": 113
      }
    ],
    "total": 113
  },
  "update": {
    "changes": null,
    "total": 0
  }
}
+ magelift promote --digest 669890779205.dkr.ecr.eu-north-1.amazonaws.com/magelift-acceptance@sha256:162122c42d266638e2e4cae35f9688fde1036136e3015f760409f044c3020fcf --certificate-identity alex.courtiol@gmail.com --certificate-oidc-issuer https://github.com/login/oauth
{
  "sequence": 1,
  "recordedAt": "2026-07-29T10:33:33.958901Z",
  "action": "promote",
  "environment": "preview",
  "digestReference": "669890779205.dkr.ecr.eu-north-1.amazonaws.com/magelift-acceptance@sha256:162122c42d266638e2e4cae35f9688fde1036136e3015f760409f044c3020fcf",
  "signatureIdentity": "alex.courtiol@gmail.com",
  "signatureIssuer": "https://github.com/login/oauth",
  "forwardOnly": true,
  "databaseMigrationsReversed": false
}
+ magelift deploy --digest 669890779205.dkr.ecr.eu-north-1.amazonaws.com/magelift-acceptance@sha256:162122c42d266638e2e4cae35f9688fde1036136e3015f760409f044c3020fcf --yes
Previewing update (acceptance-preview-aws-ecs-fargate):

 +  pulumi:pulumi:Stack magelift-acceptance-preview-aws-ecs-fargate create 
 +  magelift:aws:Stack acceptance-preview create 
 +  pulumi:providers:aws acceptance-preview-global create 
 +  pulumi:providers:aws acceptance-preview-regional create 
@ previewing update....
 +  magelift:aws:Network acceptance-preview-network create 
 +  aws:ec2:Vpc acceptance-preview-network-vpc create 
 +  aws:ec2:Subnet acceptance-preview-network-data-subnet-01 create 
 +  aws:ec2:Subnet acceptance-preview-network-public-subnet-02 create 
 +  aws:ec2:RouteTable acceptance-preview-network-private-routes-02 create 
 +  aws:ec2:RouteTable acceptance-preview-network-public-routes-01 create 
 +  aws:ec2:Subnet acceptance-preview-network-data-subnet-02 create 
 +  aws:ec2:Subnet acceptance-preview-network-private-subnet-02 create 
 +  aws:ec2:RouteTable acceptance-preview-network-data-routes-02 create 
 +  aws:ec2:RouteTable acceptance-preview-network-private-routes-01 create 
 +  aws:ec2:Subnet acceptance-preview-network-private-subnet-01 create 
 +  aws:ec2:RouteTable acceptance-preview-network-data-routes-01 create 
 +  aws:ec2:Subnet acceptance-preview-network-public-subnet-01 create 
 +  aws:ec2:InternetGateway acceptance-preview-network-igw create 
 +  aws:ec2:RouteTable acceptance-preview-network-public-routes-02 create 
 +  aws:ec2:RouteTableAssociation acceptance-preview-network-private-association-02 create 
 +  aws:ec2:RouteTableAssociation acceptance-preview-network-data-association-02 create 
 +  aws:ec2:RouteTableAssociation acceptance-preview-network-private-association-01 create 
 +  aws:ec2:RouteTableAssociation acceptance-preview-network-data-association-01 create 
 +  aws:ec2:RouteTableAssociation acceptance-preview-network-public-association-01 create 
 +  aws:ec2:Route acceptance-preview-network-public-default-01 create 
 +  aws:ec2:Route acceptance-preview-network-public-default-02 create 
 +  aws:ec2:RouteTableAssociation acceptance-preview-network-public-association-02 create 
@ previewing update....
 +  aws:ec2:Eip acceptance-preview-network-fck-nat-eip-01 create 
 +  magelift:aws:SecurityGroups acceptance-preview-security create 
 +  aws:ec2:SecurityGroup acceptance-preview-network-fck-nat-sg create 
 +  aws:ec2:VpcEndpoint acceptance-preview-network-endpoint-s3 create 
 +  aws:ec2:SecurityGroup acceptance-preview-security-search create 
 +  aws:ec2:SecurityGroup acceptance-preview-security-queue create 
 +  aws:ec2:SecurityGroup acceptance-preview-security-cache create 
 +  aws:ec2:SecurityGroup acceptance-preview-security-web create 
 +  aws:ec2:SecurityGroup acceptance-preview-security-edge create 
 +  aws:ec2:SecurityGroup acceptance-preview-security-data create 
 +  aws:ec2:Instance acceptance-preview-network-fck-nat-01 create 
 +  magelift:aws:Ingress acceptance-preview-ingress create 
 +  aws:vpc:SecurityGroupEgressRule acceptance-preview-security-egress-queue-https create 
 +  aws:vpc:SecurityGroupIngressRule acceptance-preview-security-ingress-edge-https create 
 +  aws:vpc:SecurityGroupEgressRule acceptance-preview-security-egress-web-queue create 
 +  aws:vpc:SecurityGroupIngressRule acceptance-preview-security-ingress-web-target create 
 +  aws:vpc:SecurityGroupIngressRule acceptance-preview-security-ingress-search-https create 
 +  aws:vpc:SecurityGroupEgressRule acceptance-preview-security-egress-web-search create 
 +  aws:vpc:SecurityGroupEgressRule acceptance-preview-security-egress-web-cache create 
 +  aws:vpc:SecurityGroupEgressRule acceptance-preview-security-egress-web-https create 
 +  aws:vpc:SecurityGroupIngressRule acceptance-preview-security-ingress-cache-valkey create 
 +  aws:vpc:SecurityGroupEgressRule acceptance-preview-security-egress-edge-target create 
 +  aws:vpc:SecurityGroupIngressRule acceptance-preview-security-ingress-queue-amqps create 
 +  aws:vpc:SecurityGroupIngressRule acceptance-preview-security-ingress-data-mysql create 
 +  magelift:aws:EcsRuntimeIdentity acceptance-preview-runtime create 
 +  aws:vpc:SecurityGroupEgressRule acceptance-preview-security-egress-web-data create 
 +  aws:lb:LoadBalancer acceptance-preview-ingress-alb create 
 +  aws:lb:TargetGroup acceptance-preview-ingress-web create 
 +  aws:ec2:EipAssociation acceptance-preview-network-fck-nat-eip-assoc-01 create 
 +  aws:ec2:Route acceptance-preview-network-private-default-01 create 
 +  magelift:aws:RdsMysql acceptance-preview-database create 
 +  aws:ec2:Route acceptance-preview-network-private-default-02 create 
 +  aws:iam:Role acceptance-preview-runtime-task-role create 
 +  aws:iam:Role acceptance-preview-runtime-deployment-role create 
 +  aws:iam:Role acceptance-preview-runtime-execution-role create 
 +  magelift:aws:Valkey acceptance-preview-cache create 
 +  aws:rds:SubnetGroup acceptance-preview-database-subnets create 
 +  magelift:aws:RabbitMqQueue acceptance-preview-queue create 
 +  aws:lb:Listener acceptance-preview-ingress-https create 
 +  aws:elasticache:SubnetGroup acceptance-preview-cache create 
 +  aws:iam:RolePolicy acceptance-preview-runtime-execution-policy create 
 +  aws:rds:Instance acceptance-preview-database-instance create 
 +  aws:servicediscovery:PrivateDnsNamespace acceptance-preview-queue-ns create 
 +  magelift:aws:MediaStorage acceptance-preview-storage create 
 +  aws:cloudwatch:LogGroup acceptance-preview-queue-broker-logs create 
 +  aws:ecs:Cluster acceptance-preview-queue-broker-cluster create 
 +  aws:cloudfront:OriginAccessControl acceptance-preview-storage-oac create 
 +  magelift:aws:ObservabilityLogGroups acceptance-preview-observability create 
 +  aws:s3:Bucket acceptance-preview-storage-bucket create 
 +  aws:servicediscovery:Service acceptance-preview-queue-discovery create 
 +  aws:cloudwatch:LogGroup acceptance-preview-observability-deploy-logs create 
 +  aws:cloudwatch:LogGroup acceptance-preview-observability-web-logs create 
 +  aws:cloudwatch:LogGroup acceptance-preview-observability-cron-logs create 
 +  aws:ecs:TaskDefinition acceptance-preview-queue-broker-task create 
 +  aws:iam:RolePolicy acceptance-preview-execution-database-policy create 
 +  aws:s3:BucketPublicAccessBlock acceptance-preview-storage-public-access create 
 +  aws:s3:BucketVersioning acceptance-preview-storage-versioning create 
 +  aws:s3:BucketLifecycleConfiguration acceptance-preview-storage-lifecycle create 
 +  aws:s3:BucketOwnershipControls acceptance-preview-storage-ownership create 
 +  aws:s3:BucketServerSideEncryptionConfiguration acceptance-preview-storage-encryption create 
 +  magelift:aws:EcsRuntime acceptance-preview-runtime create 
 +  aws:cloudfront:Distribution acceptance-preview-storage-cdn create 
 +  aws:ecs:Service acceptance-preview-queue-broker-service create 
 +  aws:iam:RolePolicy acceptance-preview-runtime-execution-logs-policy create 
 +  magelift:aws:Edge acceptance-preview-edge create 
 +  aws:ecs:Cluster acceptance-preview-runtime-cluster create 
 +  magelift:aws:Observability acceptance-preview-observability create 
 +  aws:cloudfront:OriginRequestPolicy acceptance-preview-edge-origin create 
 +  aws:wafv2:WebAcl acceptance-preview-edge create 
 +  aws:cloudwatch:MetricAlarm acceptance-preview-observability-alb-5xx create 
 +  aws:iam:RolePolicy acceptance-preview-task-policy create 
 +  aws:iam:RolePolicy acceptance-preview-deployment-policy create 
 +  aws:s3:BucketPolicy acceptance-preview-storage-policy create 
 +  aws:elasticache:ReplicationGroup acceptance-preview-cache-cache create 
 +  aws:ecs:TaskDefinition acceptance-preview-runtime-web-task create 
 +  aws:ecs:TaskDefinition acceptance-preview-runtime-queue-task create 
 +  aws:ecs:TaskDefinition acceptance-preview-runtime-deploy-task create 
 +  aws:ecs:TaskDefinition acceptance-preview-runtime-cron-task create 
 +  aws:ecs:Service acceptance-preview-runtime-web-service create 
 +  aws:ecs:Service acceptance-preview-runtime-queue-service create 
 +  aws:ecs:Service acceptance-preview-runtime-cron-service create 
 +  aws:cloudwatch:MetricAlarm acceptance-preview-observability-ecs-running create 
 +  aws:cloudwatch:Dashboard acceptance-preview-observability-dashboard create 
 +  aws:cloudwatch:MetricAlarm acceptance-preview-observability-ecs-cpu create 
 +  aws:cloudfront:Distribution acceptance-preview-edge create 
 +  aws:route53:Record acceptance-preview-edge create 
 +  pulumi:pulumi:Stack magelift-acceptance-preview-aws-ecs-fargate create 
Outputs:
    applicationURL         : [unknown]
    cacheEndpoint          : [unknown]
    clusterArn             : [unknown]
    clusterName            : "acceptance-preview-runtime-cluster-f96baef"
    cronServiceName        : "acceptance-preview-runtime-cron-service-75a8169"
    cronTaskDefinitionArn  : [unknown]
    databaseWriter         : [unknown]
    deployTaskDefinitionArn: [unknown]
    deploymentRoleArn      : [unknown]
    edgeDistributionId     : [unknown]
    mediaURL               : [unknown]
    networkVpcId           : [unknown]
    privateSubnetIds       : [
        [0]: [unknown]
        [1]: [unknown]
    ]
    queueMode              : "ecs-artemis"
    queueServiceName       : "acceptance-preview-runtime-queue-service-5641c80"
    queueTaskDefinitionArn : [unknown]
    securityGroupId        : [unknown]
    serviceName            : "acceptance-preview-runtime-web-service-75a787e"
    taskDefinitionArn      : [unknown]
    taskRoleArn            : [unknown]

Resources:
    + 113 to create

Updating (acceptance-preview-aws-ecs-fargate):

 +  pulumi:pulumi:Stack magelift-acceptance-preview-aws-ecs-fargate creating (0s) 
@ updating....
 +  pulumi:providers:aws acceptance-preview-global creating (0s) 
 +  pulumi:providers:aws acceptance-preview-global created (0.35s) 
@ updating....
 +  pulumi:providers:aws acceptance-preview-regional creating (0s) 
 +  magelift:aws:Stack acceptance-preview creating (0s) 
 +  pulumi:providers:aws acceptance-preview-regional created (0.42s) 
@ updating....
 +  magelift:aws:Network acceptance-preview-network creating (0s) 
@ updating....
 +  aws:ec2:Vpc acceptance-preview-network-vpc creating (0s) 
@ updating.....
 +  aws:ec2:Vpc acceptance-preview-network-vpc created (2s) 
 +  aws:ec2:InternetGateway acceptance-preview-network-igw creating (0s) 
 +  aws:ec2:RouteTable acceptance-preview-network-data-routes-02 creating (0s) 
 +  magelift:aws:SecurityGroups acceptance-preview-security creating (0s) 
 +  aws:ec2:SecurityGroup acceptance-preview-network-fck-nat-sg creating (0s) 
 +  aws:ec2:Subnet acceptance-preview-network-data-subnet-01 creating (0s) 
 +  aws:ec2:RouteTable acceptance-preview-network-public-routes-01 creating (0s) 
 +  aws:ec2:RouteTable acceptance-preview-network-private-routes-01 creating (0s) 
 +  aws:ec2:Subnet acceptance-preview-network-public-subnet-01 creating (0s) 
 +  aws:ec2:Subnet acceptance-preview-network-private-subnet-01 creating (0s) 
 +  aws:ec2:RouteTable acceptance-preview-network-data-routes-01 creating (0s) 
 +  aws:ec2:RouteTable acceptance-preview-network-public-routes-02 creating (0s) 
 +  aws:ec2:RouteTable acceptance-preview-network-private-routes-02 creating (0s) 
 +  aws:ec2:Subnet acceptance-preview-network-private-subnet-02 creating (0s) 
 +  aws:ec2:Subnet acceptance-preview-network-data-subnet-02 creating (0s) 
 +  aws:ec2:Subnet acceptance-preview-network-public-subnet-02 creating (0s) 
@ updating....
 +  aws:ec2:InternetGateway acceptance-preview-network-igw created (1s) 
@ updating....
 +  aws:ec2:RouteTable acceptance-preview-network-data-routes-02 created (1s) 
 +  aws:ec2:Subnet acceptance-preview-network-data-subnet-01 created (2s) 
@ updating....
 +  aws:ec2:RouteTable acceptance-preview-network-public-routes-01 created (2s) 
 +  aws:ec2:RouteTable acceptance-preview-network-private-routes-01 created (2s) 
@ updating....
 +  aws:ec2:Subnet acceptance-preview-network-public-subnet-01 created (3s) 
 +  aws:ec2:Subnet acceptance-preview-network-private-subnet-01 created (4s) 
@ updating....
 +  aws:ec2:RouteTable acceptance-preview-network-data-routes-01 created (4s) 
 +  aws:ec2:SecurityGroup acceptance-preview-network-fck-nat-sg created (4s) 
 +  aws:ec2:RouteTable acceptance-preview-network-public-routes-02 created (4s) 
 +  aws:ec2:RouteTable acceptance-preview-network-private-routes-02 created (5s) 
@ updating....
 +  aws:ec2:Subnet acceptance-preview-network-private-subnet-02 created (5s) 
 +  aws:ec2:Subnet acceptance-preview-network-data-subnet-02 created (5s) 
 +  aws:ec2:Eip acceptance-preview-network-fck-nat-eip-01 creating (0s) 
@ updating....
 +  aws:ec2:SecurityGroup acceptance-preview-security-web creating (0s) 
 +  aws:ec2:SecurityGroup acceptance-preview-security-queue creating (0s) 
 +  aws:ec2:SecurityGroup acceptance-preview-security-cache creating (0s) 
 +  aws:ec2:SecurityGroup acceptance-preview-security-data creating (0s) 
 +  aws:ec2:SecurityGroup acceptance-preview-security-edge creating (0s) 
 +  aws:ec2:SecurityGroup acceptance-preview-security-search creating (0s) 
 +  aws:ec2:Subnet acceptance-preview-network-public-subnet-02 created (6s) 
@ updating....
 +  aws:ec2:Route acceptance-preview-network-public-default-01 creating (0s) 
@ updating....
 +  aws:ec2:RouteTableAssociation acceptance-preview-network-public-association-01 creating (0s) 
 +  aws:ec2:RouteTableAssociation acceptance-preview-network-private-association-01 creating (0s) 
 +  aws:ec2:RouteTableAssociation acceptance-preview-network-data-association-01 creating (0s) 
@ updating....
 +  aws:ec2:Instance acceptance-preview-network-fck-nat-01 creating (0s) 
 +  aws:ec2:Route acceptance-preview-network-public-default-02 creating (0s) 
 +  aws:ec2:VpcEndpoint acceptance-preview-network-endpoint-s3 creating (0s) 
@ updating....
 +  aws:ec2:RouteTableAssociation acceptance-preview-network-private-association-02 creating (0s) 
 +  aws:ec2:RouteTableAssociation acceptance-preview-network-data-association-02 creating (0s) 
@ updating....
 +  aws:ec2:Eip acceptance-preview-network-fck-nat-eip-01 created (6s) 
@ updating.....
 +  aws:ec2:SecurityGroup acceptance-preview-security-web created (7s) 
 +  aws:ec2:SecurityGroup acceptance-preview-security-queue created (7s) 
@ updating....
 +  aws:ec2:SecurityGroup acceptance-preview-security-cache created (8s) 
 +  aws:ec2:SecurityGroup acceptance-preview-security-data created (8s) 
@ updating....
 +  aws:ec2:Route acceptance-preview-network-public-default-01 created (7s) 
 +  aws:ec2:RouteTableAssociation acceptance-preview-network-public-association-01 created (7s) 
 +  aws:ec2:SecurityGroup acceptance-preview-security-edge created (9s) 
 +  aws:ec2:RouteTableAssociation acceptance-preview-network-private-association-01 created (7s) 
@ updating....
 +  aws:ec2:RouteTableAssociation acceptance-preview-network-data-association-01 created (7s) 
 +  aws:ec2:SecurityGroup acceptance-preview-security-search created (9s) 
 +  aws:ec2:Route acceptance-preview-network-public-default-02 created (7s) 
@ updating....
 +  aws:ec2:RouteTableAssociation acceptance-preview-network-private-association-02 created (7s) 
 +  aws:ec2:RouteTableAssociation acceptance-preview-network-data-association-02 created (7s) 
@ updating....
 +  aws:ec2:RouteTableAssociation acceptance-preview-network-public-association-02 creating (0s) 
 +  aws:vpc:SecurityGroupEgressRule acceptance-preview-security-egress-web-https creating (0s) 
 +  aws:vpc:SecurityGroupEgressRule acceptance-preview-security-egress-queue-https creating (0s) 
 +  aws:vpc:SecurityGroupIngressRule acceptance-preview-security-ingress-queue-amqps creating (0s) 
 +  aws:vpc:SecurityGroupEgressRule acceptance-preview-security-egress-web-queue creating (0s) 
@ updating....
 +  aws:vpc:SecurityGroupEgressRule acceptance-preview-security-egress-web-cache creating (0s) 
 +  aws:vpc:SecurityGroupIngressRule acceptance-preview-security-ingress-cache-valkey creating (0s) 
 +  aws:vpc:SecurityGroupEgressRule acceptance-preview-security-egress-web-data creating (0s) 
 +  aws:vpc:SecurityGroupIngressRule acceptance-preview-security-ingress-data-mysql creating (0s) 
@ updating....
 +  magelift:aws:Ingress acceptance-preview-ingress creating (0s) 
 +  aws:vpc:SecurityGroupEgressRule acceptance-preview-security-egress-edge-target creating (0s) 
 +  aws:vpc:SecurityGroupIngressRule acceptance-preview-security-ingress-edge-https creating (0s) 
 +  aws:vpc:SecurityGroupIngressRule acceptance-preview-security-ingress-web-target creating (0s) 
@ updating......
 +  aws:ec2:VpcEndpoint acceptance-preview-network-endpoint-s3 created (13s) 
@ updating....
 +  aws:ec2:RouteTableAssociation acceptance-preview-network-public-association-02 created (5s) 
 +  aws:vpc:SecurityGroupEgressRule acceptance-preview-security-egress-web-https created (5s) 
 +  aws:vpc:SecurityGroupEgressRule acceptance-preview-security-egress-queue-https created (5s) 
@ updating....
 +  aws:vpc:SecurityGroupIngressRule acceptance-preview-security-ingress-queue-amqps created (6s) 
 +  aws:vpc:SecurityGroupEgressRule acceptance-preview-security-egress-web-queue created (6s) 
 +  aws:vpc:SecurityGroupEgressRule acceptance-preview-security-egress-web-cache created (6s) 
@ updating....
 +  aws:vpc:SecurityGroupIngressRule acceptance-preview-security-ingress-cache-valkey created (6s) 
 +  aws:vpc:SecurityGroupEgressRule acceptance-preview-security-egress-web-data created (6s) 
 +  aws:vpc:SecurityGroupIngressRule acceptance-preview-security-ingress-data-mysql created (7s) 
@ updating....
 +  aws:vpc:SecurityGroupEgressRule acceptance-preview-security-egress-edge-target created (6s) 
 +  aws:vpc:SecurityGroupIngressRule acceptance-preview-security-ingress-edge-https created (7s) 
@ updating....
 +  aws:vpc:SecurityGroupIngressRule acceptance-preview-security-ingress-web-target created (7s) 
 +  aws:vpc:SecurityGroupEgressRule acceptance-preview-security-egress-web-search creating (0s) 
 +  aws:vpc:SecurityGroupIngressRule acceptance-preview-security-ingress-search-https creating (0s) 
@ updating....
 +  aws:ec2:Instance acceptance-preview-network-fck-nat-01 created (20s) 
@ updating......
 +  magelift:aws:EcsRuntimeIdentity acceptance-preview-runtime creating (0s) 
 +  aws:lb:TargetGroup acceptance-preview-ingress-web creating (0s) 
 +  aws:lb:LoadBalancer acceptance-preview-ingress-alb creating (0s) 
@ updating.....
 +  aws:vpc:SecurityGroupEgressRule acceptance-preview-security-egress-web-search created (6s) 
@ updating....
 +  aws:vpc:SecurityGroupIngressRule acceptance-preview-security-ingress-search-https created (6s) 
 +  aws:ec2:EipAssociation acceptance-preview-network-fck-nat-eip-assoc-01 creating (0s) 
 +  aws:ec2:Route acceptance-preview-network-private-default-01 creating (0s) 
 +  aws:ec2:Route acceptance-preview-network-private-default-02 creating (0s) 
@ updating....
 +  aws:lb:TargetGroup acceptance-preview-ingress-web created (4s) 
@ updating.....
 +  aws:iam:Role acceptance-preview-runtime-task-role creating (0s) 
 +  aws:iam:Role acceptance-preview-runtime-execution-role creating (0s) 
 +  aws:iam:Role acceptance-preview-runtime-deployment-role creating (0s) 
 +  magelift:aws:RdsMysql acceptance-preview-database creating (0s) 
 +  aws:ec2:Route acceptance-preview-network-private-default-01 created (3s) 
 +  aws:ec2:EipAssociation acceptance-preview-network-fck-nat-eip-assoc-01 created (3s) 
 +  aws:ec2:Route acceptance-preview-network-private-default-02 created (3s) 
@ updating.....
 +  aws:iam:Role acceptance-preview-runtime-task-role created (1s) 
 +  aws:iam:Role acceptance-preview-runtime-execution-role created (1s) 
 +  aws:iam:Role acceptance-preview-runtime-deployment-role created (2s) 
@ updating......
 +  aws:iam:RolePolicy acceptance-preview-runtime-execution-policy creating (0s) 
 +  magelift:aws:Valkey acceptance-preview-cache creating (0s) 
 +  aws:rds:SubnetGroup acceptance-preview-database-subnets creating (0s) 
@ updating....
 +  aws:iam:RolePolicy acceptance-preview-runtime-execution-policy created (1s) 
@ updating.....
 +  magelift:aws:RabbitMqQueue acceptance-preview-queue creating (0s) 
 +  aws:elasticache:SubnetGroup acceptance-preview-cache creating (0s) 
 +  aws:rds:SubnetGroup acceptance-preview-database-subnets created (2s) 
@ updating....
 +  aws:rds:Instance acceptance-preview-database-instance creating (0s) 
 +  magelift:aws:MediaStorage acceptance-preview-storage creating (0s) 
 +  aws:ecs:Cluster acceptance-preview-queue-broker-cluster creating (0s) 
 +  aws:servicediscovery:PrivateDnsNamespace acceptance-preview-queue-ns creating (0s) 
 +  aws:cloudwatch:LogGroup acceptance-preview-queue-broker-logs creating (0s) 
@ updating....
 +  aws:elasticache:SubnetGroup acceptance-preview-cache created (2s) 
@ updating.....
 +  aws:elasticache:ReplicationGroup acceptance-preview-cache-cache creating (0s) 
 +  aws:cloudwatch:LogGroup acceptance-preview-queue-broker-logs created (2s) 
 +  magelift:aws:ObservabilityLogGroups acceptance-preview-observability creating (0s) 
 +  aws:cloudfront:OriginAccessControl acceptance-preview-storage-oac creating (0s) 
 +  aws:s3:Bucket acceptance-preview-storage-bucket creating (0s) 
@ updating....
 +  aws:ecs:TaskDefinition acceptance-preview-queue-broker-task creating (0s) 
@ updating....
 +  aws:cloudfront:OriginAccessControl acceptance-preview-storage-oac created (2s) 
@ updating....
 +  aws:ecs:TaskDefinition acceptance-preview-queue-broker-task created (2s) 
 +  aws:cloudwatch:LogGroup acceptance-preview-observability-cron-logs creating (0s) 
 +  aws:cloudwatch:LogGroup acceptance-preview-observability-web-logs creating (0s) 
 +  aws:cloudwatch:LogGroup acceptance-preview-observability-deploy-logs creating (0s) 
@ updating....
 +  aws:s3:Bucket acceptance-preview-storage-bucket created (4s) 
@ updating....
 +  aws:cloudwatch:LogGroup acceptance-preview-observability-cron-logs created (1s) 
 +  aws:cloudwatch:LogGroup acceptance-preview-observability-web-logs created (1s) 
 +  aws:cloudwatch:LogGroup acceptance-preview-observability-deploy-logs created (2s) 
 +  aws:s3:BucketVersioning acceptance-preview-storage-versioning creating (0s) 
 +  aws:s3:BucketServerSideEncryptionConfiguration acceptance-preview-storage-encryption creating (0s) 
 +  aws:s3:BucketPublicAccessBlock acceptance-preview-storage-public-access creating (0s) 
 +  aws:s3:BucketLifecycleConfiguration acceptance-preview-storage-lifecycle creating (0s) 
 +  aws:s3:BucketOwnershipControls acceptance-preview-storage-ownership creating (0s) 
 +  aws:cloudfront:Distribution acceptance-preview-storage-cdn creating (0s) 
@ updating......
 +  aws:s3:BucketServerSideEncryptionConfiguration acceptance-preview-storage-encryption created (2s) 
 +  aws:s3:BucketPublicAccessBlock acceptance-preview-storage-public-access created (2s) 
@ updating....
 +  aws:s3:BucketVersioning acceptance-preview-storage-versioning created (3s) 
 +  aws:s3:BucketOwnershipControls acceptance-preview-storage-ownership created (3s) 
 +  aws:ecs:Cluster acceptance-preview-queue-broker-cluster created (11s) 
 +  magelift:aws:EcsRuntime acceptance-preview-runtime creating (0s) 
@ updating......
 +  aws:cloudfront:Distribution acceptance-preview-storage-cdn created (6s) 
@ updating....
 +  magelift:aws:Edge acceptance-preview-edge creating (0s) 
 +  aws:s3:BucketPolicy acceptance-preview-storage-policy creating (0s) 
 +  aws:iam:RolePolicy acceptance-preview-runtime-execution-logs-policy creating (0s) 
 +  aws:ecs:Cluster acceptance-preview-runtime-cluster creating (0s) 
@ updating.....
 +  aws:s3:BucketPolicy acceptance-preview-storage-policy created (1s) 
 +  aws:iam:RolePolicy acceptance-preview-runtime-execution-logs-policy created (1s) 
 +  magelift:aws:Observability acceptance-preview-observability creating (0s) 
 +  aws:cloudfront:OriginRequestPolicy acceptance-preview-edge-origin creating (0s) 
 +  aws:wafv2:WebAcl acceptance-preview-edge creating (0s) 
@ updating.....
 +  aws:cloudfront:OriginRequestPolicy acceptance-preview-edge-origin created (1s) 
@ updating.....
 +  aws:wafv2:WebAcl acceptance-preview-edge created (3s) 
@ updating.........
 +  aws:ecs:Cluster acceptance-preview-runtime-cluster created (11s) 
@ updating.....................
 +  aws:servicediscovery:PrivateDnsNamespace acceptance-preview-queue-ns created (45s) 
 +  aws:servicediscovery:Service acceptance-preview-queue-discovery creating (0s) 
@ updating....
 +  aws:servicediscovery:Service acceptance-preview-queue-discovery created (0.76s) 
@ updating....
 +  aws:ecs:Service acceptance-preview-queue-broker-service creating (0s) 
@ updating.....
 +  aws:ecs:Service acceptance-preview-queue-broker-service created (1s) 
@ updating..............................
 +  aws:s3:BucketLifecycleConfiguration acceptance-preview-storage-lifecycle created (68s) 
@ updating.......................................................................................
 +  aws:lb:LoadBalancer acceptance-preview-ingress-alb created (175s) 
@ updating....
 +  aws:lb:Listener acceptance-preview-ingress-https creating (0s) 
 +  aws:cloudwatch:MetricAlarm acceptance-preview-observability-alb-5xx creating (0s) 
 +  aws:cloudfront:Distribution acceptance-preview-edge creating (0s) 
@ updating....
 +  aws:lb:Listener acceptance-preview-ingress-https created (0.98s) 
 +  aws:cloudwatch:MetricAlarm acceptance-preview-observability-alb-5xx created (1s) 
@ updating...........................................................................................................................................................
 +  aws:cloudfront:Distribution acceptance-preview-edge created (153s) 
@ updating....
 +  aws:route53:Record acceptance-preview-edge creating (0s) 
@ updating...................................
 +  aws:route53:Record acceptance-preview-edge created (31s) 
@ updating..............................................................................................................................
 +  aws:rds:Instance acceptance-preview-database-instance created (470s) 
@ updating....
 +  aws:iam:RolePolicy acceptance-preview-execution-database-policy creating (0s) 
 +  aws:iam:RolePolicy acceptance-preview-deployment-policy creating (0s) 
 +  aws:iam:RolePolicy acceptance-preview-task-policy creating (0s) 
@ updating....
 +  aws:iam:RolePolicy acceptance-preview-execution-database-policy created (1s) 
 +  aws:iam:RolePolicy acceptance-preview-deployment-policy created (1s) 
@ updating....
 +  aws:iam:RolePolicy acceptance-preview-task-policy created (1s) 
@ updating..............................................................................................................................................................................
 +  aws:elasticache:ReplicationGroup acceptance-preview-cache-cache created (642s) 
@ updating....
 +  aws:ecs:TaskDefinition acceptance-preview-runtime-cron-task creating (0s) 
 +  aws:ecs:TaskDefinition acceptance-preview-runtime-deploy-task creating (0s) 
 +  aws:ecs:TaskDefinition acceptance-preview-runtime-web-task creating (0s) 
 +  aws:ecs:TaskDefinition acceptance-preview-runtime-queue-task creating (0s) 
@ updating....
 +  aws:ecs:TaskDefinition acceptance-preview-runtime-cron-task created (0.79s) 
 +  aws:ecs:TaskDefinition acceptance-preview-runtime-deploy-task created (1s) 
@ updating....
 +  aws:ecs:TaskDefinition acceptance-preview-runtime-web-task created (1s) 
 +  aws:ecs:TaskDefinition acceptance-preview-runtime-queue-task created (1s) 
 +  aws:ecs:Service acceptance-preview-runtime-cron-service creating (0s) 
@ updating....
 +  aws:ecs:Service acceptance-preview-runtime-web-service creating (0s) 
 +  aws:ecs:Service acceptance-preview-runtime-queue-service creating (0s) 
@ updating.....
 +  aws:ecs:Service acceptance-preview-runtime-cron-service created (2s) 
 +  aws:ecs:Service acceptance-preview-runtime-web-service created (2s) 
 +  aws:ecs:Service acceptance-preview-runtime-queue-service created (1s) 
@ updating....
 +  aws:cloudwatch:MetricAlarm acceptance-preview-observability-ecs-cpu creating (0s) 
 +  aws:cloudwatch:Dashboard acceptance-preview-observability-dashboard creating (0s) 
 +  aws:cloudwatch:MetricAlarm acceptance-preview-observability-ecs-running creating (0s) 
@ updating....
 +  aws:cloudwatch:MetricAlarm acceptance-preview-observability-ecs-cpu created (1s) 
@ updating....
 +  aws:cloudwatch:MetricAlarm acceptance-preview-observability-ecs-running created (1s) 
 +  aws:cloudwatch:Dashboard acceptance-preview-observability-dashboard created (2s) 
@ updating......
 +  pulumi:pulumi:Stack magelift-acceptance-preview-aws-ecs-fargate created (710s) 
Outputs:
    applicationURL         : "https://d7lpanq2oqggu.cloudfront.net"
    cacheEndpoint          : "master.acceptance-preview-cache-cache.pvk7gb.eun1.cache.amazonaws.com"
    clusterArn             : "arn:aws:ecs:eu-north-1:669890779205:cluster/acceptance-preview-runtime-cluster-335b63d"
    clusterName            : "acceptance-preview-runtime-cluster-335b63d"
    cronServiceName        : "acceptance-preview-runtime-cron-service-6d60b30"
    cronTaskDefinitionArn  : "arn:aws:ecs:eu-north-1:669890779205:task-definition/acceptance-preview-runtime-cron:24"
    databaseWriter         : "acceptance-preview-database-instancec689c1c.cdwockum4edo.eu-north-1.rds.amazonaws.com"
    deployTaskDefinitionArn: "arn:aws:ecs:eu-north-1:669890779205:task-definition/acceptance-preview-runtime-deploy:24"
    deploymentRoleArn      : "arn:aws:iam::669890779205:role/acceptance-preview-runtime-deployment-role-c28a616"
    edgeDistributionId     : "E19MRK6J2I5DAA"
    mediaURL               : "https://d36funrkuubrkq.cloudfront.net"
    networkVpcId           : "vpc-02ed24da55ab0018f"
    privateSubnetIds       : [
        [0]: "subnet-03470c5acbecf749c"
        [1]: "subnet-075d3643c7c520802"
    ]
    queueMode              : "ecs-artemis"
    queueServiceName       : "acceptance-preview-runtime-queue-service-bfb2a7d"
    queueTaskDefinitionArn : "arn:aws:ecs:eu-north-1:669890779205:task-definition/acceptance-preview-runtime-queue:10"
    securityGroupId        : "sg-0dfabafcb08ea72f6"
    serviceName            : "acceptance-preview-runtime-web-service-ca74234"
    taskDefinitionArn      : "arn:aws:ecs:eu-north-1:669890779205:task-definition/acceptance-preview-runtime-web:26"
    taskRoleArn            : "arn:aws:iam::669890779205:role/acceptance-preview-runtime-task-role-76443bf"

Resources:
    + 113 created

Duration: 11m52s

Updating (acceptance-preview-aws-ecs-fargate):

@ updating.....
 ++ aws:ecs:TaskDefinition acceptance-preview-runtime-queue-task creating replacement (0s) [diff: ~containerDefinitions]
 ++ aws:ecs:TaskDefinition acceptance-preview-runtime-web-task creating replacement (0s) [diff: ~containerDefinitions]
@ updating....
 ++ aws:ecs:TaskDefinition acceptance-preview-runtime-deploy-task creating replacement (0s) [diff: ~containerDefinitions]
 ++ aws:ecs:TaskDefinition acceptance-preview-runtime-cron-task creating replacement (0s) [diff: ~containerDefinitions]
 ++ aws:ecs:TaskDefinition acceptance-preview-runtime-queue-task created replacement (0.86s) [diff: ~containerDefinitions]
@ updating....
 ++ aws:ecs:TaskDefinition acceptance-preview-runtime-web-task created replacement (1s) [diff: ~containerDefinitions]
 ++ aws:ecs:TaskDefinition acceptance-preview-runtime-deploy-task created replacement (1s) [diff: ~containerDefinitions]
 ++ aws:ecs:TaskDefinition acceptance-preview-runtime-cron-task created replacement (1s) [diff: ~containerDefinitions]
@ updating....
 +- aws:ecs:TaskDefinition acceptance-preview-runtime-queue-task replacing (0s) [diff: ~containerDefinitions]
 +- aws:ecs:TaskDefinition acceptance-preview-runtime-queue-task replaced (0.00s) [diff: ~containerDefinitions]
 ~  aws:ecs:Service acceptance-preview-runtime-queue-service updating (0s) [diff: ~taskDefinition]
 +- aws:ecs:TaskDefinition acceptance-preview-runtime-web-task replacing (0s) [diff: ~containerDefinitions]
 +- aws:ecs:TaskDefinition acceptance-preview-runtime-web-task replaced (0.00s) [diff: ~containerDefinitions]
 ~  aws:ecs:Service acceptance-preview-runtime-web-service updating (0s) [diff: ~taskDefinition]
 +- aws:ecs:TaskDefinition acceptance-preview-runtime-deploy-task replacing (0s) [diff: ~containerDefinitions]
 +- aws:ecs:TaskDefinition acceptance-preview-runtime-deploy-task replaced (0.00s) [diff: ~containerDefinitions]
@ updating....
 +- aws:ecs:TaskDefinition acceptance-preview-runtime-cron-task replacing (0s) [diff: ~containerDefinitions]
 +- aws:ecs:TaskDefinition acceptance-preview-runtime-cron-task replaced (0.00s) [diff: ~containerDefinitions]
 ~  aws:ecs:Service acceptance-preview-runtime-cron-service updating (0s) [diff: ~taskDefinition]
@ updating....
 ~  aws:ecs:Service acceptance-preview-runtime-queue-service updated (2s) [diff: ~taskDefinition]
 ~  aws:ecs:Service acceptance-preview-runtime-web-service updated (2s) [diff: ~taskDefinition]
@ updating....
 ~  aws:ecs:Service acceptance-preview-runtime-cron-service updated (1s) [diff: ~taskDefinition]
@ updating....
 -- aws:ecs:TaskDefinition acceptance-preview-runtime-web-task deleting original (0s) [diff: ~containerDefinitions]
 -- aws:ecs:TaskDefinition acceptance-preview-runtime-queue-task deleting original (0s) [diff: ~containerDefinitions]
 -- aws:ecs:TaskDefinition acceptance-preview-runtime-cron-task deleting original (0s) [diff: ~containerDefinitions]
 -- aws:ecs:TaskDefinition acceptance-preview-runtime-deploy-task deleting original (0s) [diff: ~containerDefinitions]
@ updating....
 -- aws:ecs:TaskDefinition acceptance-preview-runtime-web-task deleted original (0.50s) [diff: ~containerDefinitions]
 -- aws:ecs:TaskDefinition acceptance-preview-runtime-cron-task deleted original (0.91s) [diff: ~containerDefinitions]
@ updating....
 -- aws:ecs:TaskDefinition acceptance-preview-runtime-queue-task deleted original (1s) [diff: ~containerDefinitions]
 -- aws:ecs:TaskDefinition acceptance-preview-runtime-deploy-task deleted original (1s) [diff: ~containerDefinitions]
@ updating.....
    pulumi:pulumi:Stack magelift-acceptance-preview-aws-ecs-fargate  
Outputs:
    applicationURL         : "https://d7lpanq2oqggu.cloudfront.net"
    cacheEndpoint          : "master.acceptance-preview-cache-cache.pvk7gb.eun1.cache.amazonaws.com"
    clusterArn             : "arn:aws:ecs:eu-north-1:669890779205:cluster/acceptance-preview-runtime-cluster-335b63d"
    clusterName            : "acceptance-preview-runtime-cluster-335b63d"
    cronServiceName        : "acceptance-preview-runtime-cron-service-6d60b30"
  ~ cronTaskDefinitionArn  : "arn:aws:ecs:eu-north-1:669890779205:task-definition/acceptance-preview-runtime-cron:24" => "arn:aws:ecs:eu-north-1:669890779205:task-definition/acceptance-preview-runtime-cron:25"
    databaseWriter         : "acceptance-preview-database-instancec689c1c.cdwockum4edo.eu-north-1.rds.amazonaws.com"
  ~ deployTaskDefinitionArn: "arn:aws:ecs:eu-north-1:669890779205:task-definition/acceptance-preview-runtime-deploy:24" => "arn:aws:ecs:eu-north-1:669890779205:task-definition/acceptance-preview-runtime-deploy:25"
    deploymentRoleArn      : "arn:aws:iam::669890779205:role/acceptance-preview-runtime-deployment-role-c28a616"
    edgeDistributionId     : "E19MRK6J2I5DAA"
    mediaURL               : "https://d36funrkuubrkq.cloudfront.net"
    networkVpcId           : "vpc-02ed24da55ab0018f"
    privateSubnetIds       : [
        [0]: "subnet-03470c5acbecf749c"
        [1]: "subnet-075d3643c7c520802"
    ]
    queueMode              : "ecs-artemis"
    queueServiceName       : "acceptance-preview-runtime-queue-service-bfb2a7d"
  ~ queueTaskDefinitionArn : "arn:aws:ecs:eu-north-1:669890779205:task-definition/acceptance-preview-runtime-queue:10" => "arn:aws:ecs:eu-north-1:669890779205:task-definition/acceptance-preview-runtime-queue:11"
    securityGroupId        : "sg-0dfabafcb08ea72f6"
    serviceName            : "acceptance-preview-runtime-web-service-ca74234"
  ~ taskDefinitionArn      : "arn:aws:ecs:eu-north-1:669890779205:task-definition/acceptance-preview-runtime-web:26" => "arn:aws:ecs:eu-north-1:669890779205:task-definition/acceptance-preview-runtime-web:27"
    taskRoleArn            : "arn:aws:iam::669890779205:role/acceptance-preview-runtime-task-role-76443bf"

Resources:
    ~ 3 updated
    +-4 replaced
    7 changes. 106 unchanged

Duration: 14s


DESTROY_START 2026-07-29T11:06:01Z
acquire deployment lock: deployment lock is held: owner "magelift-cli-Alexandres-MacBook-Air.local-69740" acquired at 2026-07-29T10:33:34Z
DESTROY_EXIT:0
environment: preview
backend: ""
locked: false
lock:
    project: acceptance
    environment: preview
    owner: magelift-cli-Alexandres-MacBook-Air.local-69740
    acquiredAt: 2026-07-29T12:33:34.553072+02:00
Previewing update (acceptance-preview-aws-ecs-fargate):

@ previewing update......
 ++ aws:ecs:TaskDefinition acceptance-preview-runtime-cron-task create replacement [diff: ~containerDefinitions]
 +- aws:ecs:TaskDefinition acceptance-preview-runtime-cron-task replace [diff: ~containerDefinitions]
 ++ aws:ecs:TaskDefinition acceptance-preview-runtime-deploy-task create replacement [diff: ~containerDefinitions]
 +- aws:ecs:TaskDefinition acceptance-preview-runtime-deploy-task replace [diff: ~containerDefinitions]
 ++ aws:ecs:TaskDefinition acceptance-preview-runtime-queue-task create replacement [diff: ~containerDefinitions]
 +- aws:ecs:TaskDefinition acceptance-preview-runtime-queue-task replace [diff: ~containerDefinitions]
 ++ aws:ecs:TaskDefinition acceptance-preview-runtime-web-task create replacement [diff: ~containerDefinitions]
 +- aws:ecs:TaskDefinition acceptance-preview-runtime-web-task replace [diff: ~containerDefinitions]
 ~  aws:ecs:Service acceptance-preview-runtime-cron-service update [diff: ~taskDefinition]
 ~  aws:ecs:Service acceptance-preview-runtime-queue-service update [diff: ~taskDefinition]
 ~  aws:ecs:Service acceptance-preview-runtime-web-service update [diff: ~taskDefinition]
 -- aws:ecs:TaskDefinition acceptance-preview-runtime-web-task delete original [diff: ~containerDefinitions]
 -- aws:ecs:TaskDefinition acceptance-preview-runtime-cron-task delete original [diff: ~containerDefinitions]
 -- aws:ecs:TaskDefinition acceptance-preview-runtime-queue-task delete original [diff: ~containerDefinitions]
 -- aws:ecs:TaskDefinition acceptance-preview-runtime-deploy-task delete original [diff: ~containerDefinitions]
    pulumi:pulumi:Stack magelift-acceptance-preview-aws-ecs-fargate  
Resources:
    ~ 3 to update
    +-4 to replace
    7 changes. 106 unchanged

Destroying (acceptance-preview-aws-ecs-fargate):

 -  aws:cloudwatch:Dashboard acceptance-preview-observability-dashboard deleting (0s) 
 -  aws:cloudwatch:MetricAlarm acceptance-preview-observability-ecs-running deleting (0s) 
 -  aws:cloudwatch:MetricAlarm acceptance-preview-observability-ecs-cpu deleting (0s) 
@ destroying....
 -  aws:cloudwatch:MetricAlarm acceptance-preview-observability-ecs-running deleted (1s) 
 -  aws:cloudwatch:Dashboard acceptance-preview-observability-dashboard deleted (1s) 
 -  aws:cloudwatch:MetricAlarm acceptance-preview-observability-ecs-cpu deleted (1s) 
@ destroying.....
 -  aws:route53:Record acceptance-preview-edge deleting (0s) 
 -  aws:ecs:Service acceptance-preview-runtime-cron-service deleting (0s) 
 -  aws:ecs:Service acceptance-preview-runtime-queue-service deleting (0s) 
 -  aws:ecs:Service acceptance-preview-runtime-web-service deleting (0s) 
@ destroying..................................
 -  aws:route53:Record acceptance-preview-edge deleted (31s) 
@ destroying.........
 -  aws:ecs:Service acceptance-preview-runtime-queue-service deleted (37s) 
@ destroying........................
 -  aws:ecs:Service acceptance-preview-runtime-cron-service deleted (58s) 
@ destroying......................................................................................................................................................................................................
 -  aws:ecs:Service acceptance-preview-runtime-web-service deleted (253s) 
@ destroying....
 -  aws:iam:RolePolicy acceptance-preview-task-policy deleting (0s) 
 -  aws:ecs:TaskDefinition acceptance-preview-runtime-web-task deleting (0s) 
 -  aws:ecs:TaskDefinition acceptance-preview-runtime-cron-task deleting (0s) 
 -  aws:iam:RolePolicy acceptance-preview-deployment-policy deleting (0s) 
 -  aws:iam:RolePolicy acceptance-preview-execution-database-policy deleting (0s) 
 -  aws:ecs:TaskDefinition acceptance-preview-runtime-deploy-task deleting (0s) 
 -  aws:ecs:TaskDefinition acceptance-preview-runtime-queue-task deleting (0s) 
 -  aws:lb:Listener acceptance-preview-ingress-https deleting (0s) 
 -  aws:cloudwatch:MetricAlarm acceptance-preview-observability-alb-5xx deleting (0s) 
 -  aws:cloudfront:Distribution acceptance-preview-edge deleting (0s) 
@ destroying....
 -  aws:iam:RolePolicy acceptance-preview-task-policy deleted (1s) 
@ destroying....
 -  aws:ecs:TaskDefinition acceptance-preview-runtime-cron-task deleted (1s) 
 -  aws:ecs:TaskDefinition acceptance-preview-runtime-web-task deleted (1s) 
 -  aws:iam:RolePolicy acceptance-preview-deployment-policy deleted (2s) 
@ destroying....
 -  aws:iam:RolePolicy acceptance-preview-execution-database-policy deleted (2s) 
 -  aws:ecs:TaskDefinition acceptance-preview-runtime-deploy-task deleted (2s) 
@ destroying....
 -  aws:ecs:TaskDefinition acceptance-preview-runtime-queue-task deleted (3s) 
 -  aws:lb:Listener acceptance-preview-ingress-https deleted (3s) 
@ destroying....
 -  aws:cloudwatch:MetricAlarm acceptance-preview-observability-alb-5xx deleted (4s) 
@ destroying..........................................................................................................................................................................
 -  aws:cloudfront:Distribution acceptance-preview-edge deleted (171s) 
@ destroying....
 -  aws:lb:LoadBalancer acceptance-preview-ingress-alb deleting (0s) 
 -  aws:rds:Instance acceptance-preview-database-instance deleting (0s) 
 -  aws:lb:TargetGroup acceptance-preview-ingress-web deleting (0s) 
@ destroying....
 -  aws:lb:TargetGroup acceptance-preview-ingress-web deleted (1s) 
@ destroying...................
 -  aws:lb:LoadBalancer acceptance-preview-ingress-alb deleted (17s) 
@ destroying............................................................................................................................................................................................................................
 -  aws:rds:Instance acceptance-preview-database-instance deleted (234s) 
@ destroying....
 -  aws:ec2:Route acceptance-preview-network-private-default-01 deleting (0s) 
 -  aws:vpc:SecurityGroupEgressRule acceptance-preview-security-egress-edge-target deleting (0s) 
 -  aws:vpc:SecurityGroupIngressRule acceptance-preview-security-ingress-edge-https deleting (0s) 
 -  aws:vpc:SecurityGroupIngressRule acceptance-preview-security-ingress-search-https deleting (0s) 
 -  aws:ecs:Cluster acceptance-preview-runtime-cluster deleting (0s) 
 -  aws:vpc:SecurityGroupIngressRule acceptance-preview-security-ingress-cache-valkey deleting (0s) 
 -  aws:vpc:SecurityGroupEgressRule acceptance-preview-security-egress-web-data deleting (0s) 
 -  aws:vpc:SecurityGroupIngressRule acceptance-preview-security-ingress-web-target deleting (0s) 
 -  magelift:aws:Ingress acceptance-preview-ingress deleting (0s) 
 -  aws:vpc:SecurityGroupEgressRule acceptance-preview-security-egress-queue-https deleting (0s) 
 -  aws:vpc:SecurityGroupEgressRule acceptance-preview-security-egress-web-https deleting (0s) 
 -  aws:ec2:Route acceptance-preview-network-private-default-02 deleting (0s) 
 -  aws:elasticache:ReplicationGroup acceptance-preview-cache-cache deleting (0s) 
 -  aws:vpc:SecurityGroupIngressRule acceptance-preview-security-ingress-queue-amqps deleting (0s) 
 -  aws:ec2:EipAssociation acceptance-preview-network-fck-nat-eip-assoc-01 deleting (0s) 
 -  aws:vpc:SecurityGroupEgressRule acceptance-preview-security-egress-web-queue deleting (0s) 
 -  aws:rds:SubnetGroup acceptance-preview-database-subnets deleting (0s) 
 -  aws:ecs:Service acceptance-preview-queue-broker-service deleting (0s) 
 -  aws:iam:RolePolicy acceptance-preview-runtime-execution-logs-policy deleting (0s) 
 -  aws:vpc:SecurityGroupIngressRule acceptance-preview-security-ingress-data-mysql deleting (0s) 
 -  aws:vpc:SecurityGroupEgressRule acceptance-preview-security-egress-web-cache deleting (0s) 
 -  aws:vpc:SecurityGroupEgressRule acceptance-preview-security-egress-web-search deleting (0s) 
@ destroying....
 -  aws:ec2:Route acceptance-preview-network-private-default-01 deleted (1s) 
 -  aws:vpc:SecurityGroupIngressRule acceptance-preview-security-ingress-web-target deleted (1s) 
@ destroying....
 -  aws:vpc:SecurityGroupEgressRule acceptance-preview-security-egress-edge-target deleted (1s) 
 -  aws:vpc:SecurityGroupIngressRule acceptance-preview-security-ingress-edge-https deleted (2s) 
@ destroying....
 -  aws:vpc:SecurityGroupIngressRule acceptance-preview-security-ingress-search-https deleted (2s) 
 -  aws:ecs:Cluster acceptance-preview-runtime-cluster deleted (2s) 
 -  aws:vpc:SecurityGroupIngressRule acceptance-preview-security-ingress-cache-valkey deleted (3s) 
@ destroying....
 -  aws:vpc:SecurityGroupEgressRule acceptance-preview-security-egress-web-data deleted (3s) 
@ destroying....
 -  aws:vpc:SecurityGroupEgressRule acceptance-preview-security-egress-queue-https deleted (4s) 
 -  aws:vpc:SecurityGroupEgressRule acceptance-preview-security-egress-web-https deleted (4s) 
@ destroying....
 -  aws:ec2:Route acceptance-preview-network-private-default-02 deleted (5s) 
 -  aws:vpc:SecurityGroupIngressRule acceptance-preview-security-ingress-queue-amqps deleted (6s) 
@ destroying....
 -  aws:rds:SubnetGroup acceptance-preview-database-subnets deleted (6s) 
 -  aws:vpc:SecurityGroupEgressRule acceptance-preview-security-egress-web-queue deleted (7s) 
@ destroying....
 -  aws:ec2:EipAssociation acceptance-preview-network-fck-nat-eip-assoc-01 deleted (7s) 
 -  aws:iam:RolePolicy acceptance-preview-runtime-execution-logs-policy deleted (8s) 
@ destroying....
 -  aws:vpc:SecurityGroupIngressRule acceptance-preview-security-ingress-data-mysql deleted (8s) 
 -  aws:vpc:SecurityGroupEgressRule acceptance-preview-security-egress-web-cache deleted (8s) 
 -  aws:vpc:SecurityGroupEgressRule acceptance-preview-security-egress-web-search deleted (9s) 
@ destroying.........................................................................................
 -  aws:ecs:Service acceptance-preview-queue-broker-service deleted (95s) 
@ destroying................................................................................................................................................................................
 -  aws:elasticache:ReplicationGroup acceptance-preview-cache-cache deleted (268s) 
@ destroying....
 -  aws:ec2:Route acceptance-preview-network-public-default-01 deleting (0s) 
 -  aws:elasticache:SubnetGroup acceptance-preview-cache deleting (0s) 
 -  aws:ec2:SecurityGroup acceptance-preview-security-web deleting (0s) 
 -  aws:ec2:Route acceptance-preview-network-public-default-02 deleting (0s) 
 -  aws:ec2:SecurityGroup acceptance-preview-security-cache deleting (0s) 
 -  aws:ec2:SecurityGroup acceptance-preview-security-edge deleting (0s) 
 -  aws:ec2:RouteTableAssociation acceptance-preview-network-public-association-01 deleting (0s) 
 -  aws:ec2:VpcEndpoint acceptance-preview-network-endpoint-s3 deleting (0s) 
 -  aws:ec2:RouteTableAssociation acceptance-preview-network-data-association-01 deleting (0s) 
 -  aws:ec2:RouteTableAssociation acceptance-preview-network-private-association-01 deleting (0s) 
 -  aws:s3:BucketPolicy acceptance-preview-storage-policy deleting (0s) 
 -  aws:ec2:Instance acceptance-preview-network-fck-nat-01 deleting (0s) 
 -  aws:ec2:SecurityGroup acceptance-preview-security-data deleting (0s) 
 -  magelift:aws:RdsMysql acceptance-preview-database deleting (0s) 
 -  aws:ec2:RouteTableAssociation acceptance-preview-network-public-association-02 deleting (0s) 
 -  aws:ec2:RouteTableAssociation acceptance-preview-network-data-association-02 deleting (0s) 
 -  aws:ec2:RouteTableAssociation acceptance-preview-network-private-association-02 deleting (0s) 
 -  aws:ec2:Eip acceptance-preview-network-fck-nat-eip-01 deleting (0s) 
 -  magelift:aws:EcsRuntime acceptance-preview-runtime deleting (0s) 
 -  aws:ec2:SecurityGroup acceptance-preview-security-queue deleting (0s) 
 -  aws:ec2:SecurityGroup acceptance-preview-security-search deleting (0s) 
 -  aws:servicediscovery:Service acceptance-preview-queue-discovery deleting (0s) 
@ destroying.....
 -  aws:ec2:Route acceptance-preview-network-public-default-01 deleted (1s) 
 -  aws:elasticache:SubnetGroup acceptance-preview-cache deleted (1s) 
 -  aws:ec2:SecurityGroup acceptance-preview-security-web deleted (1s) 
@ destroying....
 -  aws:ec2:Route acceptance-preview-network-public-default-02 deleted (2s) 
@ destroying....
 -  aws:ec2:SecurityGroup acceptance-preview-security-cache deleted (3s) 
 -  aws:ec2:SecurityGroup acceptance-preview-security-edge deleted (3s) 
 -  aws:ec2:RouteTableAssociation acceptance-preview-network-data-association-01 deleted (3s) 
@ destroying....
 -  aws:s3:BucketPolicy acceptance-preview-storage-policy deleted (4s) 
@ destroying....
 -  aws:ec2:SecurityGroup acceptance-preview-security-data deleted (5s) 
 -  aws:ec2:RouteTableAssociation acceptance-preview-network-public-association-02 deleted (5s) 
@ destroying....
 -  aws:ec2:RouteTableAssociation acceptance-preview-network-private-association-01 deleted (6s) 
 -  aws:ec2:RouteTableAssociation acceptance-preview-network-public-association-01 deleted (6s) 
@ destroying....
 -  aws:ec2:RouteTableAssociation acceptance-preview-network-data-association-02 deleted (7s) 
 -  aws:ec2:RouteTableAssociation acceptance-preview-network-private-association-02 deleted (7s) 
 -  aws:ec2:Eip acceptance-preview-network-fck-nat-eip-01 deleted (8s) 
@ destroying.....
 -  aws:ec2:SecurityGroup acceptance-preview-security-queue deleted (9s) 
 -  aws:ec2:SecurityGroup acceptance-preview-security-search deleted (9s) 
 -  aws:servicediscovery:Service acceptance-preview-queue-discovery deleted (9s) 
@ destroying.......
 -  aws:ec2:VpcEndpoint acceptance-preview-network-endpoint-s3 deleted (13s) 
@ destroying............................................
 -  aws:ec2:Instance acceptance-preview-network-fck-nat-01 deleted (54s) 
@ destroying....
 -  aws:iam:RolePolicy acceptance-preview-runtime-execution-policy deleting (0s) 
 -  aws:ec2:RouteTable acceptance-preview-network-data-routes-02 deleting (0s) 
 -  aws:ec2:InternetGateway acceptance-preview-network-igw deleting (0s) 
 -  aws:ec2:Subnet acceptance-preview-network-data-subnet-01 deleting (0s) 
 -  magelift:aws:SecurityGroups acceptance-preview-security deleting (0s) 
 -  aws:s3:BucketPublicAccessBlock acceptance-preview-storage-public-access deleting (0s) 
 -  aws:ec2:RouteTable acceptance-preview-network-private-routes-01 deleting (0s) 
 -  aws:s3:BucketLifecycleConfiguration acceptance-preview-storage-lifecycle deleting (0s) 
 -  aws:ec2:RouteTable acceptance-preview-network-public-routes-01 deleting (0s) 
 -  aws:ec2:RouteTable acceptance-preview-network-data-routes-01 deleting (0s) 
 -  aws:ec2:SecurityGroup acceptance-preview-network-fck-nat-sg deleting (0s) 
 -  aws:s3:BucketOwnershipControls acceptance-preview-storage-ownership deleting (0s) 
 -  aws:ecs:TaskDefinition acceptance-preview-queue-broker-task deleting (0s) 
 -  aws:ec2:Subnet acceptance-preview-network-public-subnet-01 deleting (0s) 
 -  aws:s3:BucketServerSideEncryptionConfiguration acceptance-preview-storage-encryption deleting (0s) 
 -  aws:ec2:Subnet acceptance-preview-network-private-subnet-02 deleting (0s) 
 -  aws:ec2:Subnet acceptance-preview-network-data-subnet-02 deleting (0s) 
 -  aws:s3:BucketVersioning acceptance-preview-storage-versioning deleting (0s) 
 -  aws:ec2:RouteTable acceptance-preview-network-public-routes-02 deleting (0s) 
 -  aws:ec2:RouteTable acceptance-preview-network-private-routes-02 deleting (0s) 
 -  aws:servicediscovery:PrivateDnsNamespace acceptance-preview-queue-ns deleting (0s) 
 -  aws:ec2:Subnet acceptance-preview-network-public-subnet-02 deleting (0s) 
 -  aws:ec2:Subnet acceptance-preview-network-private-subnet-01 deleting (0s) 
 -  aws:cloudfront:Distribution acceptance-preview-storage-cdn deleting (0s) 
@ destroying....
 -  aws:iam:RolePolicy acceptance-preview-runtime-execution-policy deleted (0.86s) 
@ destroying....
 -  aws:s3:BucketPublicAccessBlock acceptance-preview-storage-public-access deleted (1s) 
 -  aws:ec2:RouteTable acceptance-preview-network-private-routes-01 deleted (2s) 
 -  aws:s3:BucketLifecycleConfiguration acceptance-preview-storage-lifecycle deleted (2s) 
@ destroying....
 -  aws:ec2:RouteTable acceptance-preview-network-public-routes-01 deleted (3s) 
 -  aws:ec2:RouteTable acceptance-preview-network-data-routes-01 deleted (3s) 
@ destroying....
 -  aws:s3:BucketOwnershipControls acceptance-preview-storage-ownership deleted (4s) 
 -  aws:ec2:SecurityGroup acceptance-preview-network-fck-nat-sg deleted (4s) 
 -  aws:ecs:TaskDefinition acceptance-preview-queue-broker-task deleted (4s) 
@ destroying....
 -  aws:ec2:Subnet acceptance-preview-network-public-subnet-01 deleted (5s) 
 -  aws:s3:BucketServerSideEncryptionConfiguration acceptance-preview-storage-encryption deleted (5s) 
@ destroying....
 -  aws:ec2:Subnet acceptance-preview-network-private-subnet-02 deleted (5s) 
 -  aws:s3:BucketVersioning acceptance-preview-storage-versioning deleted (6s) 
 -  aws:ec2:Subnet acceptance-preview-network-data-subnet-02 deleted (6s) 
@ destroying....
 -  aws:ec2:RouteTable acceptance-preview-network-public-routes-02 deleted (7s) 
 -  aws:ec2:RouteTable acceptance-preview-network-private-routes-02 deleted (7s) 
@ destroying....
 -  aws:ec2:InternetGateway acceptance-preview-network-igw deleted (8s) 
 -  aws:ec2:RouteTable acceptance-preview-network-data-routes-02 deleted (8s) 
@ destroying....
 -  aws:ec2:Subnet acceptance-preview-network-data-subnet-01 deleted (8s) 
 -  aws:ec2:Subnet acceptance-preview-network-public-subnet-02 deleted (9s) 
@ destroying....
 -  aws:ec2:Subnet acceptance-preview-network-private-subnet-01 deleted (9s) 
@ destroying...........................................
 -  aws:servicediscovery:PrivateDnsNamespace acceptance-preview-queue-ns deleted (50s) 
@ destroying.....................................................................................................................................
 -  aws:cloudfront:Distribution acceptance-preview-storage-cdn deleted (179s) 
 -  aws:cloudwatch:LogGroup acceptance-preview-observability-deploy-logs deleting (0s) 
 -  aws:cloudfront:OriginAccessControl acceptance-preview-storage-oac deleting (0s) 
 -  aws:iam:Role acceptance-preview-runtime-execution-role deleting (0s) 
 -  aws:iam:Role acceptance-preview-runtime-deployment-role deleting (0s) 
 -  aws:cloudwatch:LogGroup acceptance-preview-observability-web-logs deleting (0s) 
 -  aws:ec2:Vpc acceptance-preview-network-vpc deleting (0s) 
 -  aws:iam:Role acceptance-preview-runtime-task-role deleting (0s) 
 -  aws:cloudwatch:LogGroup acceptance-preview-observability-cron-logs deleting (0s) 
 -  aws:cloudfront:OriginRequestPolicy acceptance-preview-edge-origin deleting (0s) 
 -  aws:s3:Bucket acceptance-preview-storage-bucket deleting (0s) 
 -  aws:wafv2:WebAcl acceptance-preview-edge deleting (0s) 
@ destroying....
 -  aws:cloudfront:OriginAccessControl acceptance-preview-storage-oac deleted (0.62s) 
@ destroying....
 -  aws:iam:Role acceptance-preview-runtime-execution-role deleted (1s) 
 -  aws:iam:Role acceptance-preview-runtime-deployment-role deleted (1s) 
 -  aws:cloudwatch:LogGroup acceptance-preview-observability-web-logs deleted (1s) 
 -  aws:cloudwatch:LogGroup acceptance-preview-observability-deploy-logs deleted (1s) 
@ destroying....
 -  aws:iam:Role acceptance-preview-runtime-task-role deleted (2s) 
 -  aws:cloudwatch:LogGroup acceptance-preview-observability-cron-logs deleted (3s) 
@ destroying....
 -  aws:ec2:Vpc acceptance-preview-network-vpc deleted (3s) 
 -  aws:cloudfront:OriginRequestPolicy acceptance-preview-edge-origin deleted (3s) 
@ destroying....
 -  aws:s3:Bucket acceptance-preview-storage-bucket deleted (4s) 
 -  aws:wafv2:WebAcl acceptance-preview-edge deleted (4s) 
@ destroying......
 -  magelift:aws:ObservabilityLogGroups acceptance-preview-observability deleting (0s) 
 -  magelift:aws:Edge acceptance-preview-edge deleting (0s) 
 -  magelift:aws:Network acceptance-preview-network deleting (0s) 
 -  magelift:aws:Observability acceptance-preview-observability deleting (0s) 
 -  magelift:aws:EcsRuntimeIdentity acceptance-preview-runtime deleting (0s) 
 -  magelift:aws:MediaStorage acceptance-preview-storage deleting (0s) 
 -  aws:ecs:Cluster acceptance-preview-queue-broker-cluster deleting (0s) 
 -  aws:cloudwatch:LogGroup acceptance-preview-queue-broker-logs deleting (0s) 
@ destroying......
 -  aws:ecs:Cluster acceptance-preview-queue-broker-cluster deleted (3s) 
@ destroying....
 -  aws:cloudwatch:LogGroup acceptance-preview-queue-broker-logs deleted (3s) 
@ destroying.....
 -  magelift:aws:Valkey acceptance-preview-cache deleting (0s) 
 -  magelift:aws:RabbitMqQueue acceptance-preview-queue deleting (0s) 
 -  pulumi:providers:aws acceptance-preview-global deleting (0s) 
 -  pulumi:providers:aws acceptance-preview-regional deleting (0s) 
 -  magelift:aws:Stack acceptance-preview deleting (0s) 
@ destroying....
 -  pulumi:providers:aws acceptance-preview-global deleted (0.71s) 
 -  pulumi:providers:aws acceptance-preview-regional deleted (1s) 
@ destroying......
 -  pulumi:pulumi:Stack magelift-acceptance-preview-aws-ecs-fargate deleting (0s) 
@ destroying....
 -  pulumi:pulumi:Stack magelift-acceptance-preview-aws-ecs-fargate deleted (0.91s) 
    pulumi:pulumi:Stack magelift-acceptance-preview-aws-ecs-fargate  
Resources:
    - 113 deleted

Duration: 19m50s

The resources in the stack have been deleted, but the history and configuration associated with the stack are still maintained. 
If you want to remove the stack completely, run `pulumi stack rm acceptance-preview-aws-ecs-fargate`.
{
  "environment": "preview",
  "stack": "acceptance-preview-aws-ecs-fargate",
  "preview": {
    "changes": [
      {
        "operation": "replace",
        "count": 4
      },
      {
        "operation": "same",
        "count": 106
      },
      {
        "operation": "update",
        "count": 3
      }
    ],
    "total": 113
  },
  "update": {
    "changes": [
      {
        "operation": "delete",
        "count": 113
      }
    ],
    "total": 113
  }
}
DESTROY_EXIT:0
